 
****************************************
Report : area
Design : vending_top
Version: X-2025.06-SP2
Date   : Fri Jul 24 18:23:29 2026
****************************************

Information: Updating design information... (UID-85)
Library(s) Used:

    saed32rvt_tt1p05v25c (File: /home/antonni.moraes/VendingMachine/libs/saed32rvt_tt1p05v25c.db)

Number of ports:                          131
Number of nets:                           648
Number of cells:                          504
Number of combinational cells:            413
Number of sequential cells:                78
Number of macros/black boxes:               0
Number of buf/inv:                         86
Number of references:                       8

Combinational area:                943.382532
Buf/Inv area:                      114.618945
Noncombinational area:             519.470352
Macro/Black Box area:                0.000000
Net Interconnect area:             308.783448

Total cell area:                  1462.852884
Total area:                       1771.636332

Hierarchical area distribution
------------------------------

                                  Global cell area          Local cell area
                                  ------------------  --------------------------- 
Hierarchical cell                 Absolute   Percent  Combi-    Noncombi-  Black-
                                  Total      Total    national  national   boxes   Design
--------------------------------  ---------  -------  --------  ---------  ------  --------------
vending_top                       1462.8529    100.0   20.3315     0.0000  0.0000  vending_top
comp                                44.2211      3.0   44.2211     0.0000  0.0000  comparator
cont_u                              94.5416      6.5   67.6023    26.9393  0.0000  control_unit
cred_r                             145.6245     10.0   78.5305    67.0940  0.0000  credit_reg
mem                               1048.5982     71.7  623.1611   425.4371  0.0000  memory_vending
sub                                109.5361      7.5  109.5361     0.0000  0.0000  subtractor
--------------------------------  ---------  -------  --------  ---------  ------  --------------
Total                                                 943.3825   519.4704  0.0000

1
