 
****************************************
Report : power
        -analysis_effort low
Design : vending_top
Version: X-2025.06-SP2
Date   : Fri Jul 24 18:23:29 2026
****************************************


Library(s) Used:

    saed32rvt_tt1p05v25c (File: /home/antonni.moraes/VendingMachine/libs/saed32rvt_tt1p05v25c.db)


Operating Conditions: tt1p05v25c   Library: saed32rvt_tt1p05v25c
Wire Load Model Mode: enclosed

Design        Wire Load Model            Library
------------------------------------------------
vending_top            8000              saed32rvt_tt1p05v25c
control_unit           ForQA             saed32rvt_tt1p05v25c
credit_reg             ForQA             saed32rvt_tt1p05v25c
comparator             ForQA             saed32rvt_tt1p05v25c
subtractor             ForQA             saed32rvt_tt1p05v25c
memory_vending         8000              saed32rvt_tt1p05v25c


Global Operating Voltage = 1.05 
Power-specific unit information :
    Voltage Units = 1V
    Capacitance Units = 1.000000ff
    Time Units = 1ns
    Dynamic Power Units = 1uW    (derived from V,C,T units)
    Leakage Power Units = 1pW


Attributes
----------
i - Including register clock pin internal power


  Cell Internal Power  =  94.8318 uW   (96%)
  Net Switching Power  =   3.8155 uW    (4%)
                         ---------
Total Dynamic Power    =  98.6473 uW  (100%)

Cell Leakage Power     = 146.4116 uW


                 Internal         Switching           Leakage            Total
Power Group      Power            Power               Power              Power   (   %    )  Attrs
--------------------------------------------------------------------------------------------------
io_pad             0.0000            0.0000            0.0000            0.0000  (   0.00%)
memory             0.0000            0.0000            0.0000            0.0000  (   0.00%)
black_box          0.0000            0.0000            0.0000            0.0000  (   0.00%)
clock_network     87.3586            0.0000            0.0000           87.3586  (  35.65%)  i
register           1.6262            0.7999        7.9163e+07           81.5894  (  33.29%)
sequential         0.0000            0.0000            0.0000            0.0000  (   0.00%)
combinational      5.8469            3.0157        6.7248e+07           76.1109  (  31.06%)
--------------------------------------------------------------------------------------------------
Total             94.8318 uW         3.8155 uW     1.4641e+08 pW       245.0589 uW
1
